[2026-02-01 17:12:59] SeaPay Webhook Request: {"transaction_id":"3","user_id":"2","bank_id":"4","amount":"50000","status":"success","transaction_code":"TEST1769940779","payment_time":"2026-02-01 17:12:59","description":"Test deposit 2"}
[2026-02-01 17:12:59] SeaPay Webhook Error: Missing required field: transactionId
[2026-02-01 17:13:14] SeaPay Webhook Request: {"transaction_id":3,"user_id":"2","bank_id":"4","amount":"50000","status":"success","transaction_code":"TEST1769940794","payment_time":"2026-02-01 17:13:14","description":"Test deposit 2"}
[2026-02-01 17:13:14] SeaPay Webhook Error: Missing required field: transactionId
[2026-02-01 17:13:40] SeaPay Webhook Request: {"transactionId":"TEST17699408208859","userId":"2","bankAccountId":"4","amount":50000,"status":"success","timestamp":"2026-02-01 17:13:40","reference":"Test deposit user 2","message":"Test payment from fake SeaPay gateway"}
[2026-02-01 17:13:40] SeaPay Webhook DB Error: SQLSTATE[42S22]: Column not found: 1054 Unknown column 'transaction_id' in 'where clause'
[2026-02-01 17:13:43] SeaPay Webhook Request: {"transactionId":"TEST17699408231072","userId":"2","bankAccountId":"4","amount":50000,"status":"success","timestamp":"2026-02-01 17:13:43","reference":"Test deposit user 2","message":"Test payment from fake SeaPay gateway"}
[2026-02-01 17:13:43] SeaPay Webhook DB Error: SQLSTATE[42S22]: Column not found: 1054 Unknown column 'transaction_id' in 'where clause'
[2026-02-01 17:13:53] SeaPay Webhook Request: {"transactionId":"TEST17699408335181","userId":"2","bankAccountId":"4","amount":50000,"status":"success","timestamp":"2026-02-01 17:13:53","reference":"Test deposit user 2","message":"Test payment from fake SeaPay gateway"}
[2026-02-01 17:13:53] SeaPay Webhook DB Error: SQLSTATE[42S22]: Column not found: 1054 Unknown column 'transaction_id' in 'where clause'
[2026-02-01 17:57:26] SeaPay Webhook Request: {"id":455159,"gateway":"BIDV","transactionDate":"2026-02-01 17:57:26","accountNumber":"96247PERRY","code":null,"content":"chuyenkhoanminperry2","transferType":"in","transferAmount":50000,"accumulated":500000,"subAccount":null,"referenceCode":"MBVCB.1769943446","description":"Test payment"}
[2026-02-01 17:57:26] SUCCESS - User ID: 2, Amount: 50000, SeaPay ID: 455159
[2026-02-01 17:57:32] SeaPay Webhook Request: {"id":485920,"gateway":"BIDV","transactionDate":"2026-02-01 17:57:32","accountNumber":"96247PERRY","code":null,"content":"Nap tien 1","transferType":"in","transferAmount":50000,"accumulated":500000,"subAccount":null,"referenceCode":"MBVCB.1769943452","description":"Test payment"}
[2026-02-01 17:59:20] SeaPay Webhook Request: {"id":939236,"gateway":"BIDV","transactionDate":"2026-02-01 17:59:20","accountNumber":"96247PERRY","code":null,"content":"Nap tien 1","transferType":"in","transferAmount":50000,"accumulated":500000,"subAccount":null,"referenceCode":"MBVCB.1769943560","description":"Test payment"}
[2026-02-01 17:59:40] SeaPay Webhook Request: {"id":893486,"gateway":"BIDV","transactionDate":"2026-02-01 17:59:40","accountNumber":"96247PERRY","code":null,"content":"Nap tien 1","transferType":"in","transferAmount":5000000,"accumulated":50000000,"subAccount":null,"referenceCode":"MBVCB.1769943580","description":"Test payment"}
[2026-02-01 18:00:16] SeaPay Webhook Request: {"id":178085,"gateway":"BIDV","transactionDate":"2026-02-01 18:00:16","accountNumber":"96247PERRY","code":null,"content":"chuyenkhoanminperry2","transferType":"in","transferAmount":50000,"accumulated":500000,"subAccount":null,"referenceCode":"MBVCB.1769943616","description":"Test payment"}
[2026-02-01 18:00:16] SUCCESS - User ID: 2, Amount: 50000, SeaPay ID: 178085
[2026-02-01 18:02:41] SeaPay Webhook Request: {"id":626855,"gateway":"BIDV","transactionDate":"2026-02-01 18:02:41","accountNumber":"96247PERRY","code":null,"content":"chuyenkhoanminperry2","transferType":"in","transferAmount":50000,"accumulated":500000,"subAccount":null,"referenceCode":"MBVCB.1769943761","description":"Test payment"}
[2026-02-01 18:02:41] SUCCESS - User ID: 2, Amount: 50000, SeaPay ID: 626855
[2026-02-01 18:02:55] SeaPay Webhook Request: {"id":932319,"gateway":"BIDV","transactionDate":"2026-02-01 18:02:55","accountNumber":"96247PERRY","code":null,"content":"chuyenkhoanminperry1","transferType":"in","transferAmount":50000,"accumulated":500000,"subAccount":null,"referenceCode":"MBVCB.1769943775","description":"Test payment"}
[2026-02-01 18:04:41] SeaPay Webhook Request: {"id":300566,"gateway":"BIDV","transactionDate":"2026-02-01 18:04:41","accountNumber":"96247PERRY","code":null,"content":"chuyenkhoanminperry2","transferType":"in","transferAmount":50000000,"accumulated":500000000,"subAccount":null,"referenceCode":"MBVCB.1769943881","description":"Test payment"}
[2026-02-01 18:08:37] SeaPay Webhook Request: {"id":473768,"gateway":"BIDV","transactionDate":"2026-02-01 18:08:37","accountNumber":"96247PERRY","code":null,"content":"chuyenkhoanminperry2","transferType":"in","transferAmount":50000000,"accumulated":500000000,"subAccount":null,"referenceCode":"MBVCB.1769944117","description":"Test payment"}
[2026-02-01 18:08:37] SUCCESS - User ID: 2, Amount: 50000000, SeaPay ID: 473768
[2026-02-01 18:23:21] SeaPay Webhook Request: {"id":989525,"gateway":"BIDV","transactionDate":"2026-02-01 18:23:21","accountNumber":"96247PERRY","code":null,"content":"chuyenkhoanminperry1","transferType":"in","transferAmount":50000,"accumulated":500000,"subAccount":null,"referenceCode":"MBVCB.1769945001","description":"Test payment"}
[2026-02-01 18:24:05] SeaPay Webhook Request: {"id":428632,"gateway":"BIDV","transactionDate":"2026-02-01 18:24:05","accountNumber":"96247PERRY","code":null,"content":"chuyenkhoanminperry1","transferType":"in","transferAmount":50000,"accumulated":500000,"subAccount":null,"referenceCode":"MBVCB.1769945045","description":"Test payment"}
[2026-02-01 18:25:49] SeaPay Webhook Request: {"id":586224,"gateway":"BIDV","transactionDate":"2026-02-01 18:25:49","accountNumber":"96247PERRY","code":null,"content":"chuyenkhoanminperry1","transferType":"in","transferAmount":50000,"accumulated":500000,"subAccount":null,"referenceCode":"MBVCB.1769945149","description":"Test payment"}
[2026-02-01 18:25:58] SeaPay Webhook Request: {"id":283637,"gateway":"BIDV","transactionDate":"2026-02-01 18:25:58","accountNumber":"96247PERRY","code":null,"content":"chuyenkhoanminperry1","transferType":"in","transferAmount":50000,"accumulated":500000,"subAccount":null,"referenceCode":"MBVCB.1769945158","description":"Test payment"}
[2026-02-01 18:27:14] SeaPay Webhook Request: {"id":607787,"gateway":"BIDV","transactionDate":"2026-02-01 18:27:14","accountNumber":"96247PERRY","code":null,"content":"chuyenkhoanminperry1","transferType":"in","transferAmount":50000,"accumulated":500000,"subAccount":null,"referenceCode":"MBVCB.1769945234","description":"Test payment"}
[01-Feb-2026 18:27:14 Asia/Ho_Chi_Minh] SeaPay Webhook - Content: 'chuyenkhoanminperry1', Extracted UID: 1, Account: 96247PERRY
[2026-02-01 18:27:20] SeaPay Webhook Request: {"id":977621,"gateway":"BIDV","transactionDate":"2026-02-01 18:27:20","accountNumber":"96247PERRY","code":null,"content":"chuyenkhoanminperry1","transferType":"in","transferAmount":50000,"accumulated":500000,"subAccount":null,"referenceCode":"MBVCB.1769945240","description":"Test payment"}
[01-Feb-2026 18:27:20 Asia/Ho_Chi_Minh] SeaPay Webhook - Content: 'chuyenkhoanminperry1', Extracted UID: 1, Account: 96247PERRY
[2026-02-01 18:28:46] SeaPay Webhook Request: {"id":999054,"gateway":"BIDV","transactionDate":"2026-02-01 18:28:46","accountNumber":"96247PERRY","code":null,"content":"chuyenkhoanminperry4","transferType":"in","transferAmount":50000,"accumulated":500000,"subAccount":null,"referenceCode":"MBVCB.1769945326","description":"Test payment"}
[01-Feb-2026 18:28:46 Asia/Ho_Chi_Minh] SeaPay Webhook - Content: 'chuyenkhoanminperry4', Extracted UID: 4, Account: 96247PERRY
[2026-02-01 18:28:46] SUCCESS - User ID: 4, Amount: 50000, SeaPay ID: 999054
[2026-02-01 18:30:15] SeaPay Webhook Request: {"id":303861,"gateway":"BIDV","transactionDate":"2026-02-01 18:30:15","accountNumber":"96247PERRY","code":null,"content":"chuyenkhoanminperry1","transferType":"in","transferAmount":50000,"accumulated":500000,"subAccount":null,"referenceCode":"MBVCB.1769945415","description":"Test payment"}
[01-Feb-2026 18:30:15 Asia/Ho_Chi_Minh] SeaPay Webhook - Content: 'chuyenkhoanminperry1', Extracted UID: 1, Account: 96247PERRY
[01-Feb-2026 18:30:15 Asia/Ho_Chi_Minh] SeaPay Error: User not found - UID: 1, Content: 'chuyenkhoanminperry1'
[2026-02-01 18:30:31] SeaPay Webhook Request: {"id":334278,"gateway":"BIDV","transactionDate":"2026-02-01 18:30:31","accountNumber":"96247PERRY","code":null,"content":"chuyenkhoanminperry1","transferType":"in","transferAmount":50000,"accumulated":500000,"subAccount":null,"referenceCode":"MBVCB.1769945431","description":"Test payment"}
[01-Feb-2026 18:30:31 Asia/Ho_Chi_Minh] SeaPay Webhook - Content: 'chuyenkhoanminperry1', Extracted UID: 1, Account: 96247PERRY
[01-Feb-2026 18:30:31 Asia/Ho_Chi_Minh] SeaPay Error: User not found - UID: 1, Content: 'chuyenkhoanminperry1'
[2026-02-01 18:30:42] SeaPay Webhook Request: {"id":245174,"gateway":"BIDV","transactionDate":"2026-02-01 18:30:42","accountNumber":"96247PERRY","code":null,"content":"chuyenkhoanminperry1","transferType":"in","transferAmount":50000,"accumulated":500000,"subAccount":null,"referenceCode":"MBVCB.1769945442","description":"Test payment"}
[01-Feb-2026 18:30:42 Asia/Ho_Chi_Minh] SeaPay Webhook - Content: 'chuyenkhoanminperry1', Extracted UID: 1, Account: 96247PERRY
[01-Feb-2026 18:30:42 Asia/Ho_Chi_Minh] SeaPay Error: User not found - UID: 1, Content: 'chuyenkhoanminperry1'
[2026-02-01 18:31:31] SeaPay Webhook Request: {"id":502758,"gateway":"BIDV","transactionDate":"2026-02-01 18:31:31","accountNumber":"96247PERRY","code":null,"content":"chuyenkhoanminperry2","transferType":"in","transferAmount":50000,"accumulated":500000,"subAccount":null,"referenceCode":"MBVCB.1769945491","description":"Test payment"}
[01-Feb-2026 18:31:31 Asia/Ho_Chi_Minh] SeaPay Webhook - Content: 'chuyenkhoanminperry2', Extracted UID: 2, Account: 96247PERRY
[2026-02-01 18:31:31] SUCCESS - User ID: 2, Amount: 50000, SeaPay ID: 502758
[2026-02-01 19:00:57] SeaPay Webhook Request: {"id":776451,"gateway":"BIDV","transactionDate":"2026-02-01 19:00:57","accountNumber":"96247PERRY","code":null,"content":"chuyenkhoanminperry2","transferType":"in","transferAmount":50000,"accumulated":500000,"subAccount":null,"referenceCode":"MBVCB.1769947257","description":"Test payment"}
[01-Feb-2026 19:00:57 Asia/Ho_Chi_Minh] SeaPay Webhook - Content: 'chuyenkhoanminperry2', Extracted UID: 2, Account: 96247PERRY
[2026-02-01 19:00:57] SUCCESS - User ID: 2, Amount: 50000, SeaPay ID: 776451
[2026-02-01 19:00:58] SeaPay Webhook Request: {"id":832252,"gateway":"BIDV","transactionDate":"2026-02-01 19:00:58","accountNumber":"96247PERRY","code":null,"content":"chuyenkhoanminperry2","transferType":"in","transferAmount":50000,"accumulated":500000,"subAccount":null,"referenceCode":"MBVCB.1769947258","description":"Test payment"}
[01-Feb-2026 19:00:58 Asia/Ho_Chi_Minh] SeaPay Webhook - Content: 'chuyenkhoanminperry2', Extracted UID: 2, Account: 96247PERRY
[2026-02-01 19:00:58] SUCCESS - User ID: 2, Amount: 50000, SeaPay ID: 832252
